来源：https://hunt.zalize.com/api/prices（fetchedAt=1788674449621，stale=false，live TLD=351）
汇率：1 USD = 7.2 CNY；静态参考价 409 个，其中 351 个有实时价可比对

TLD                      静态首年              实时首年      Δ首年            静态续费              实时续费      Δ续费
 .site                ¥10 ≈$1        $1.96 →¥14     -49%       ¥220 ≈$31      $28.84 →¥208      +7%
 .cc                  ¥38 ≈$5         $3.4 →¥24     +47%         ¥58 ≈$8        $8.55 →¥62      -6%
 .ca                 ¥95 ≈$13        $8.92 →¥64     +46%        ¥95 ≈$13        $9.18 →¥66     +42%
~.vip                 ¥40 ≈$6        $4.12 →¥30     +46%         ¥60 ≈$8        $5.15 →¥37     +55%
 .club                ¥40 ≈$6        $4.12 →¥30     +46%       ¥120 ≈$17      $15.96 →¥115      +7%
 .furniture          ¥88 ≈$12      $21.11 →¥152     -43%       ¥700 ≈$97       $82.9 →¥597     +17%
 .co                  ¥65 ≈$9      $15.76 →¥113     -43%       ¥199 ≈$28       $31.2 →¥225     -10%
 .sh                ¥320 ≈$44       $31.2 →¥225     +41%       ¥380 ≈$53      $46.65 →¥336     +14%
 .uk                  ¥41 ≈$6        $4.32 →¥31     +39%         ¥41 ≈$6        $5.66 →¥41      +6%
 .org                ¥79 ≈$11        $7.98 →¥57     +38%        ¥99 ≈$14       $11.84 →¥85     +18%
 .dev                ¥88 ≈$12        $8.75 →¥63     +37%       ¥108 ≈$15       $12.87 →¥93     +17%
~.eu                  ¥55 ≈$8        $5.88 →¥42     +36%        ¥72 ≈$10        $5.88 →¥42     +70%
~.us                  ¥45 ≈$6        $4.43 →¥32     +35%        ¥80 ≈$11           $7 →¥50     +57%
 .network             ¥20 ≈$3        $4.63 →¥33     -35%       ¥160 ≈$22      $28.32 →¥204     -22%
 .works               ¥25 ≈$3        $4.63 →¥33     -35%       ¥240 ≈$33      $31.41 →¥226      +5%
 .glass             ¥270 ≈$38      $58.19 →¥419     -35%       ¥270 ≈$38      $58.19 →¥419     -35%
 .nz                ¥145 ≈$20      $14.98 →¥108     +34%       ¥145 ≈$20      $14.99 →¥108     +33%
 .ph                ¥400 ≈$56      $42.36 →¥305     +32%       ¥400 ≈$56      $44.99 →¥324     +24%
 .la                ¥260 ≈$36      $27.34 →¥197     +32%       ¥260 ≈$36      $27.94 →¥201     +29%
（省略 332 行 |Δ首年| < 30%；--min=0 查看全部）

首年偏差 > 50%：0 个
首年偏差 > 30%：19 个 → site cc ca vip club furniture co sh uk org dev eu us network works glass nz ph la
续费偏差 > 50%：3 个 → vip eu us（仅报告）
静态有价但实时缺价（回退静态，不比对）：58 个 → cn com.cn so berlin paris amsterdam jp sg fr it es kr hk ch at be se pl dk fi no ie br pt cz tr ae vn gr ro hu cl th sk ua ar ng il sa eg ke pe kz za ma qa pk lk ee lt lv rs is ge uy lu md uz

OK：无 TLD 首年偏差 > 50%
static-prices exit 0
