{"path": "/tld/com", "lang": "zh", "ssrChips": 40, "hydChips": 40, "hrefsEqual": true, "textEqual": false, "textDriftCount": 27, "faqCount": 3, "faqVisibleEqualsLd": true, "ssrFaqEqualsHyd": true, "ssrTablesEqualHyd": true} | console 0 pageerror 0 reqfail 0
{"path": "/tld/com", "lang": "en", "ssrChips": 40, "hydChips": 40, "hrefsEqual": true, "textEqual": false, "textDriftCount": 27, "faqCount": 3, "faqVisibleEqualsLd": true, "ssrFaqEqualsHyd": true, "ssrTablesEqualHyd": true} | console 0 pageerror 0 reqfail 0
{"path": "/tld/cn", "lang": "zh", "ssrChips": 30, "hydChips": 30, "hrefsEqual": true, "textEqual": false, "textDriftCount": 19, "faqCount": 3, "faqVisibleEqualsLd": true, "ssrFaqEqualsHyd": true, "ssrTablesEqualHyd": true} | console 0 pageerror 0 reqfail 0
{"path": "/tld/cn", "lang": "en", "ssrChips": 30, "hydChips": 30, "hrefsEqual": true, "textEqual": false, "textDriftCount": 19, "faqCount": 3, "faqVisibleEqualsLd": true, "ssrFaqEqualsHyd": true, "ssrTablesEqualHyd": true} | console 0 pageerror 0 reqfail 0
{"path": "/tld/at", "lang": "zh", "ssrChips": 41, "hydChips": 41, "hrefsEqual": true, "textEqual": false, "textDriftCount": 16, "faqCount": 3, "faqVisibleEqualsLd": true, "ssrFaqEqualsHyd": true, "ssrTablesEqualHyd": true} | console 0 pageerror 0 reqfail 0
{"path": "/tld/at", "lang": "en", "ssrChips": 41, "hydChips": 41, "hrefsEqual": true, "textEqual": false, "textDriftCount": 16, "faqCount": 3, "faqVisibleEqualsLd": true, "ssrFaqEqualsHyd": true, "ssrTablesEqualHyd": true} | console 0 pageerror 0 reqfail 0
{"path": "/tld/de", "lang": "zh", "ssrChips": 46, "hydChips": 46, "hrefsEqual": true, "textEqual": false, "textDriftCount": 17, "faqCount": 3, "faqVisibleEqualsLd": true, "ssrFaqEqualsHyd": true, "ssrTablesEqualHyd": true} | console 0 pageerror 0 reqfail 0
{"path": "/tld/de", "lang": "en", "ssrChips": 46, "hydChips": 46, "hrefsEqual": true, "textEqual": false, "textDriftCount": 17, "faqCount": 3, "faqVisibleEqualsLd": true, "ssrFaqEqualsHyd": true, "ssrTablesEqualHyd": true} | console 0 pageerror 0 reqfail 0
{"path": "/tld/vip", "lang": "zh", "ssrChips": 49, "hydChips": 49, "hrefsEqual": true, "textEqual": false, "textDriftCount": 36, "faqCount": 3, "faqVisibleEqualsLd": true, "ssrFaqEqualsHyd": true, "ssrTablesEqualHyd": true} | console 0 pageerror 0 reqfail 0
{"path": "/tld/vip", "lang": "en", "ssrChips": 49, "hydChips": 49, "hrefsEqual": true, "textEqual": false, "textDriftCount": 36, "faqCount": 3, "faqVisibleEqualsLd": true, "ssrFaqEqualsHyd": true, "ssrTablesEqualHyd": true} | console 0 pageerror 0 reqfail 0
{"path": "/guide/saas", "lang": "zh", "ssrChips": 34, "hydChips": 34, "hrefsEqual": true, "textEqual": false, "textDriftCount": 3, "faqCount": 3, "faqVisibleEqualsLd": true, "ssrFaqEqualsHyd": true, "ssrTablesEqualHyd": true} | console 0 pageerror 0 reqfail 0
{"path": "/guide/saas", "lang": "en", "ssrChips": 34, "hydChips": 34, "hrefsEqual": true, "textEqual": false, "textDriftCount": 3, "faqCount": 3, "faqVisibleEqualsLd": true, "ssrFaqEqualsHyd": true, "ssrTablesEqualHyd": true} | console 0 pageerror 0 reqfail 0
{"path": "/guide/ecommerce", "lang": "zh", "ssrChips": 47, "hydChips": 47, "hrefsEqual": true, "textEqual": false, "textDriftCount": 2, "faqCount": 3, "faqVisibleEqualsLd": true, "ssrFaqEqualsHyd": true, "ssrTablesEqualHyd": true} | console 0 pageerror 0 reqfail 0
{"path": "/guide/ecommerce", "lang": "en", "ssrChips": 47, "hydChips": 47, "hrefsEqual": true, "textEqual": false, "textDriftCount": 2, "faqCount": 3, "faqVisibleEqualsLd": true, "ssrFaqEqualsHyd": true, "ssrTablesEqualHyd": true} | console 0 pageerror 0 reqfail 0
{"path": "/guide/fintech", "lang": "zh", "ssrChips": 47, "hydChips": 47, "hrefsEqual": true, "textEqual": false, "textDriftCount": 3, "faqCount": 3, "faqVisibleEqualsLd": true, "ssrFaqEqualsHyd": true, "ssrTablesEqualHyd": true} | console 0 pageerror 0 reqfail 0
{"path": "/guide/fintech", "lang": "en", "ssrChips": 47, "hydChips": 47, "hrefsEqual": true, "textEqual": false, "textDriftCount": 3, "faqCount": 3, "faqVisibleEqualsLd": true, "ssrFaqEqualsHyd": true, "ssrTablesEqualHyd": true} | console 0 pageerror 0 reqfail 0
{"path": "/guide/ai", "lang": "zh", "ssrChips": 34, "hydChips": 34, "hrefsEqual": true, "textEqual": false, "textDriftCount": 3, "faqCount": 3, "faqVisibleEqualsLd": true, "ssrFaqEqualsHyd": true, "ssrTablesEqualHyd": true} | console 0 pageerror 0 reqfail 0
{"path": "/guide/ai", "lang": "en", "ssrChips": 34, "hydChips": 34, "hrefsEqual": true, "textEqual": false, "textDriftCount": 3, "faqCount": 3, "faqVisibleEqualsLd": true, "ssrFaqEqualsHyd": true, "ssrTablesEqualHyd": true} | console 0 pageerror 0 reqfail 0
{"path": "/vs/com-vs-cn", "lang": "zh", "ssrChips": 42, "hydChips": 42, "hrefsEqual": true, "textEqual": true, "textDriftCount": 0, "faqCount": 3, "faqVisibleEqualsLd": true, "ssrFaqEqualsHyd": true, "ssrTablesEqualHyd": true} | console 0 pageerror 0 reqfail 0
{"path": "/vs/com-vs-cn", "lang": "en", "ssrChips": 42, "hydChips": 42, "hrefsEqual": true, "textEqual": true, "textDriftCount": 0, "faqCount": 3, "faqVisibleEqualsLd": true, "ssrFaqEqualsHyd": true, "ssrTablesEqualHyd": true} | console 0 pageerror 0 reqfail 0
{"path": "/vs/de-vs-com", "lang": "zh", "ssrChips": 41, "hydChips": 41, "hrefsEqual": true, "textEqual": true, "textDriftCount": 0, "faqCount": 3, "faqVisibleEqualsLd": true, "ssrFaqEqualsHyd": true, "ssrTablesEqualHyd": true} | console 0 pageerror 0 reqfail 0
{"path": "/vs/de-vs-com", "lang": "en", "ssrChips": 41, "hydChips": 41, "hrefsEqual": true, "textEqual": true, "textDriftCount": 0, "faqCount": 3, "faqVisibleEqualsLd": true, "ssrFaqEqualsHyd": true, "ssrTablesEqualHyd": true} | console 0 pageerror 0 reqfail 0
{"path": "/vs/at-vs-de", "lang": "zh", "ssrChips": 37, "hydChips": 37, "hrefsEqual": true, "textEqual": true, "textDriftCount": 0, "faqCount": 3, "faqVisibleEqualsLd": true, "ssrFaqEqualsHyd": true, "ssrTablesEqualHyd": true} | console 0 pageerror 0 reqfail 0
{"path": "/vs/at-vs-de", "lang": "en", "ssrChips": 37, "hydChips": 37, "hrefsEqual": true, "textEqual": true, "textDriftCount": 0, "faqCount": 3, "faqVisibleEqualsLd": true, "ssrFaqEqualsHyd": true, "ssrTablesEqualHyd": true} | console 0 pageerror 0 reqfail 0
{"path": "/vs/io-vs-ai", "lang": "zh", "ssrChips": 41, "hydChips": 41, "hrefsEqual": true, "textEqual": true, "textDriftCount": 0, "faqCount": 3, "faqVisibleEqualsLd": true, "ssrFaqEqualsHyd": true, "ssrTablesEqualHyd": true} | console 0 pageerror 0 reqfail 0
{"path": "/vs/io-vs-ai", "lang": "en", "ssrChips": 41, "hydChips": 41, "hrefsEqual": true, "textEqual": true, "textDriftCount": 0, "faqCount": 3, "faqVisibleEqualsLd": true, "ssrFaqEqualsHyd": true, "ssrTablesEqualHyd": true} | console 0 pageerror 0 reqfail 0
{"path": "/vs/jp-vs-cn", "lang": "zh", "ssrChips": 39, "hydChips": 39, "hrefsEqual": true, "textEqual": true, "textDriftCount": 0, "faqCount": 3, "faqVisibleEqualsLd": true, "ssrFaqEqualsHyd": true, "ssrTablesEqualHyd": true} | console 0 pageerror 0 reqfail 0
{"path": "/vs/jp-vs-cn", "lang": "en", "ssrChips": 39, "hydChips": 39, "hrefsEqual": true, "textEqual": true, "textDriftCount": 0, "faqCount": 3, "faqVisibleEqualsLd": true, "ssrFaqEqualsHyd": true, "ssrTablesEqualHyd": true} | console 0 pageerror 0 reqfail 0
{"path": "/vs/uy-vs-ar", "lang": "zh", "ssrChips": 33, "hydChips": 33, "hrefsEqual": true, "textEqual": true, "textDriftCount": 0, "faqCount": 3, "faqVisibleEqualsLd": true, "ssrFaqEqualsHyd": true, "ssrTablesEqualHyd": true} | console 0 pageerror 0 reqfail 0
{"path": "/vs/uy-vs-ar", "lang": "en", "ssrChips": 33, "hydChips": 33, "hrefsEqual": true, "textEqual": true, "textDriftCount": 0, "faqCount": 3, "faqVisibleEqualsLd": true, "ssrFaqEqualsHyd": true, "ssrTablesEqualHyd": true} | console 0 pageerror 0 reqfail 0
{"path": "/vs/hk-vs-sg", "lang": "zh", "ssrChips": 37, "hydChips": 37, "hrefsEqual": true, "textEqual": true, "textDriftCount": 0, "faqCount": 3, "faqVisibleEqualsLd": true, "ssrFaqEqualsHyd": true, "ssrTablesEqualHyd": true} | console 0 pageerror 0 reqfail 0
{"path": "/vs/hk-vs-sg", "lang": "en", "ssrChips": 37, "hydChips": 37, "hrefsEqual": true, "textEqual": true, "textDriftCount": 0, "faqCount": 3, "faqVisibleEqualsLd": true, "ssrFaqEqualsHyd": true, "ssrTablesEqualHyd": true} | console 0 pageerror 0 reqfail 0
{"path": "/tld", "lang": "zh", "ssrChips": 409, "hydChips": 409, "hrefsEqual": true, "textEqual": true, "textDriftCount": 0, "faqCount": 0, "faqVisibleEqualsLd": null, "ssrFaqEqualsHyd": true, "ssrTablesEqualHyd": true} | console 0 pageerror 0 reqfail 0
{"path": "/tld", "lang": "en", "ssrChips": 409, "hydChips": 409, "hrefsEqual": true, "textEqual": true, "textDriftCount": 0, "faqCount": 0, "faqVisibleEqualsLd": null, "ssrFaqEqualsHyd": true, "ssrTablesEqualHyd": true} | console 0 pageerror 0 reqfail 0
{"path": "/guide", "lang": "zh", "ssrChips": 410, "hydChips": 410, "hrefsEqual": true, "textEqual": true, "textDriftCount": 0, "faqCount": 0, "faqVisibleEqualsLd": null, "ssrFaqEqualsHyd": true, "ssrTablesEqualHyd": true} | console 0 pageerror 0 reqfail 0
{"path": "/guide", "lang": "en", "ssrChips": 410, "hydChips": 410, "hrefsEqual": true, "textEqual": true, "textDriftCount": 0, "faqCount": 0, "faqVisibleEqualsLd": null, "ssrFaqEqualsHyd": true, "ssrTablesEqualHyd": true} | console 0 pageerror 0 reqfail 0
{"path": "/vs", "lang": "zh", "ssrChips": 444, "hydChips": 444, "hrefsEqual": true, "textEqual": true, "textDriftCount": 0, "faqCount": 0, "faqVisibleEqualsLd": null, "ssrFaqEqualsHyd": true, "ssrTablesEqualHyd": true} | console 0 pageerror 0 reqfail 0
{"path": "/vs", "lang": "en", "ssrChips": 444, "hydChips": 444, "hrefsEqual": true, "textEqual": true, "textDriftCount": 0, "faqCount": 0, "faqVisibleEqualsLd": null, "ssrFaqEqualsHyd": true, "ssrTablesEqualHyd": true} | console 0 pageerror 0 reqfail 0
aiSearchRequests: 0
SSRDONE
